======================================================================
  ITMS SYSTEM TEST
======================================================================

Testing module imports...
python : Traceback 
(most recent call 
last):
At line:1 char:1
+ python 
test_system.py > 
test_output.txt 2>&1
+ ~~~~~~~~~~~~~~~~~~~
~~~~~~~~~~~~~~~~~~~~~
~~~~
    + CategoryInfo   
           : 
NotSpecifi    ed: 
(Traceback (mo    st 
recent call las    
t)::String) [], Re   
 moteException
    + 
FullyQualifiedEr    
rorId : NativeComm   
 andError
 
  File 
"C:\Users\Sujal Patel
\Desktop\ai-signals-p
roject\test_system.py
", line 14, in 
test_imports
    from 
core.database import 
DatabaseManager, 
TrafficLog
  File 
"C:\Users\Sujal Patel
\Desktop\ai-signals-p
roject\core\__init__.
py", line 6, in 
<module>
    from .detector 
import 
VehicleDetector, Mult
iLaneDetectionSystem,
 LaneVideoProcessor
  File 
"C:\Users\Sujal Patel
\Desktop\ai-signals-p
roject\core\detector.
py", line 10, in 
<module>
    from ultralytics 
import YOLO
ModuleNotFoundError: 
No module named 
'ultralytics'

During handling of 
the above exception, 
another exception 
occurred:

Traceback (most 
recent call last):
  File 
"C:\Users\Sujal Patel
\Desktop\ai-signals-p
roject\test_system.py
", line 161, in main
    result = 
test_func()
  File 
"C:\Users\Sujal Patel
\Desktop\ai-signals-p
roject\test_system.py
", line 17, in 
test_imports
    print(f"  \u2717 
Database module: 
{e}")
  File "C:\Program Fi
les\WindowsApps\Pytho
nSoftwareFoundation.P
ython.3.10_3.10.3056.
0_x64__qbz5n2kfra8p0\
lib\encodings\cp1252.
py", line 19, in 
encode
    return codecs.cha
rmap_encode(input,sel
f.errors,encoding_tab
le)[0]
UnicodeEncodeError: 
'charmap' codec 
can't encode 
character '\u2717' 
in position 2: 
character maps to 
<undefined>

During handling of 
the above exception, 
another exception 
occurred:

Traceback (most 
recent call last):
  File 
"C:\Users\Sujal Patel
\Desktop\ai-signals-p
roject\test_system.py
", line 192, in 
<module>
    success = main()
  File 
"C:\Users\Sujal Patel
\Desktop\ai-signals-p
roject\test_system.py
", line 164, in main
    print(f"\n\u2717 
Unexpected error in 
{name}: {e}")
  File "C:\Program Fi
les\WindowsApps\Pytho
nSoftwareFoundation.P
ython.3.10_3.10.3056.
0_x64__qbz5n2kfra8p0\
lib\encodings\cp1252.
py", line 19, in 
encode
    return codecs.cha
rmap_encode(input,sel
f.errors,encoding_tab
le)[0]
UnicodeEncodeError: 
'charmap' codec 
can't encode 
character '\u2717' 
in position 2: 
character maps to 
<undefined>
